Running Gradle task 'assembleRelease'...                        
flutter : 
строка:1 знак:1
+ flutter build apk --release > build_output.txt 2>&1 ; Get-Content bui ...
+ ~~~~~~~~~~~~~~~~~~~~~~~~~~~~~~~~~~~~~~~~~~~~~~~~~~~
    + CategoryInfo          : NotSpecified: (:String) [], RemoteException
    + FullyQualifiedErrorId : NativeCommandError
 
FAILURE: Build failed with an exception.

* What went wrong:
Execution failed for task ':app:validateSigningRelease'.
> Keystore file 'G:\Code\DrinkWater\drinkwater\android\my-keystore.jks' not fou
nd for signing config 'release'.

* Try:
> Run with --stacktrace option to get the stack trace.
> Run with --info or --debug option to get more log output.
> Run with --scan to get full insights.
> Get more help at https://help.gradle.org.

BUILD FAILED in 6s
Running Gradle task 'assembleRelease'...                            6,8s
Gradle task assembleRelease failed with exit code 1
